// Jest Snapshot v1, https://goo.gl/fbAQLP

exports[`<Home /> renders 1`] = `
<div>
  <Navbar
    color="faded"
    expand="md"
    light={true}
    tag="nav"
  >
    <NavbarBrand
      tag={[Function]}
      to="/"
    >
      Home
    </NavbarBrand>
    <NavbarToggler
      onClick={[Function]}
      tag="button"
      type="button"
    />
    <Collapse
      appear={false}
      enter={true}
      exit={true}
      in={false}
      isOpen={false}
      mountOnEnter={false}
      navbar={true}
      onEnter={[Function]}
      onEntered={[Function]}
      onEntering={[Function]}
      onExit={[Function]}
      onExited={[Function]}
      onExiting={[Function]}
      tag="div"
      timeout={350}
      unmountOnExit={false}
    >
      <Nav
        className="ml-auto"
        navbar={true}
        tag="ul"
        vertical={false}
      >
        <NavItem
          tag="li"
        >
          <NavLink
            tag={[Function]}
            to="/counter"
          >
            Counter
          </NavLink>
        </NavItem>
        <NavItem
          tag="li"
        >
          <NavLink
            tag={[Function]}
            to="/posts"
          >
            Posts
          </NavLink>
        </NavItem>
        <NavItem
          tag="li"
        >
          <NavLink
            tag={[Function]}
            to="/about"
          >
            About
          </NavLink>
        </NavItem>
      </Nav>
    </Collapse>
  </Navbar>
</div>
`;
